// Jest Snapshot v1, https://goo.gl/fbAQLP

exports[`Nav Should render correctly 1`] = `
<div
  className="makeStyles-root-1"
>
  <CssBaseline />
  <WithStyles(ForwardRef(AppBar))
    className="makeStyles-appBar-3"
    position="fixed"
  >
    <WithStyles(ForwardRef(Toolbar))>
      <WithStyles(ForwardRef(IconButton))
        aria-label="open drawer"
        className="makeStyles-menuButton-4"
        color="inherit"
        edge="start"
        onClick={[Function]}
      >
        <MenuIcon />
      </WithStyles(ForwardRef(IconButton))>
      <WithStyles(ForwardRef(Typography))
        noWrap={true}
        variant="h6"
      />
    </WithStyles(ForwardRef(Toolbar))>
  </WithStyles(ForwardRef(AppBar))>
  <nav
    className="makeStyles-drawer-2"
  >
    <Hidden
      implementation="css"
      smUp={true}
    >
      <WithStyles(ForwardRef(Drawer))
        ModalProps={
          Object {
            "keepMounted": true,
          }
        }
        anchor="right"
        classes={
          Object {
            "paper": "makeStyles-drawerPaper-6",
          }
        }
        onClose={[Function]}
        open={false}
        variant="temporary"
      >
        <div>
          <div
            className="makeStyles-toolbar-5"
          />
          <WithStyles(ForwardRef(Divider)) />
          <WithStyles(ForwardRef(List))>
            <WithStyles(ForwardRef(ListItem))
              button={true}
              key="Home"
            >
              <WithStyles(ForwardRef(ListItemText))
                primary="Home"
              />
            </WithStyles(ForwardRef(ListItem))>
            <WithStyles(ForwardRef(ListItem))
              button={true}
              key="Timeline"
            >
              <WithStyles(ForwardRef(ListItemText))
                primary="Timeline"
              />
            </WithStyles(ForwardRef(ListItem))>
            <WithStyles(ForwardRef(ListItem))
              button={true}
              key="Sentiment Analysis"
            >
              <WithStyles(ForwardRef(ListItemText))
                primary="Sentiment Analysis"
              />
            </WithStyles(ForwardRef(ListItem))>
            <WithStyles(ForwardRef(ListItem))
              button={true}
              key="Topic Modeling"
            >
              <WithStyles(ForwardRef(ListItemText))
                primary="Topic Modeling"
              />
            </WithStyles(ForwardRef(ListItem))>
            <WithStyles(ForwardRef(ListItem))
              button={true}
              key="Latent Association"
            >
              <WithStyles(ForwardRef(ListItemText))
                primary="Latent Association"
              />
            </WithStyles(ForwardRef(ListItem))>
          </WithStyles(ForwardRef(List))>
          <WithStyles(ForwardRef(Divider)) />
          <WithStyles(ForwardRef(List))>
            <WithStyles(ForwardRef(ListItem))
              button={true}
              key="About"
            >
              <WithStyles(ForwardRef(ListItemText))
                primary="About"
              />
            </WithStyles(ForwardRef(ListItem))>
            <WithStyles(ForwardRef(ListItem))
              button={true}
              key="Docs"
            >
              <WithStyles(ForwardRef(ListItemText))
                primary="Docs"
              />
            </WithStyles(ForwardRef(ListItem))>
            <WithStyles(ForwardRef(ListItem))
              button={true}
              key="Paper"
            >
              <WithStyles(ForwardRef(ListItemText))
                primary="Paper"
              />
            </WithStyles(ForwardRef(ListItem))>
          </WithStyles(ForwardRef(List))>
        </div>
      </WithStyles(ForwardRef(Drawer))>
    </Hidden>
    <Hidden
      implementation="css"
      xsDown={true}
    >
      <WithStyles(ForwardRef(Drawer))
        classes={
          Object {
            "paper": "makeStyles-drawerPaper-6",
          }
        }
        open={true}
        variant="permanent"
      >
        <div>
          <div
            className="makeStyles-toolbar-5"
          />
          <WithStyles(ForwardRef(Divider)) />
          <WithStyles(ForwardRef(List))>
            <WithStyles(ForwardRef(ListItem))
              button={true}
              key="Home"
            >
              <WithStyles(ForwardRef(ListItemText))
                primary="Home"
              />
            </WithStyles(ForwardRef(ListItem))>
            <WithStyles(ForwardRef(ListItem))
              button={true}
              key="Timeline"
            >
              <WithStyles(ForwardRef(ListItemText))
                primary="Timeline"
              />
            </WithStyles(ForwardRef(ListItem))>
            <WithStyles(ForwardRef(ListItem))
              button={true}
              key="Sentiment Analysis"
            >
              <WithStyles(ForwardRef(ListItemText))
                primary="Sentiment Analysis"
              />
            </WithStyles(ForwardRef(ListItem))>
            <WithStyles(ForwardRef(ListItem))
              button={true}
              key="Topic Modeling"
            >
              <WithStyles(ForwardRef(ListItemText))
                primary="Topic Modeling"
              />
            </WithStyles(ForwardRef(ListItem))>
            <WithStyles(ForwardRef(ListItem))
              button={true}
              key="Latent Association"
            >
              <WithStyles(ForwardRef(ListItemText))
                primary="Latent Association"
              />
            </WithStyles(ForwardRef(ListItem))>
          </WithStyles(ForwardRef(List))>
          <WithStyles(ForwardRef(Divider)) />
          <WithStyles(ForwardRef(List))>
            <WithStyles(ForwardRef(ListItem))
              button={true}
              key="About"
            >
              <WithStyles(ForwardRef(ListItemText))
                primary="About"
              />
            </WithStyles(ForwardRef(ListItem))>
            <WithStyles(ForwardRef(ListItem))
              button={true}
              key="Docs"
            >
              <WithStyles(ForwardRef(ListItemText))
                primary="Docs"
              />
            </WithStyles(ForwardRef(ListItem))>
            <WithStyles(ForwardRef(ListItem))
              button={true}
              key="Paper"
            >
              <WithStyles(ForwardRef(ListItemText))
                primary="Paper"
              />
            </WithStyles(ForwardRef(ListItem))>
          </WithStyles(ForwardRef(List))>
        </div>
      </WithStyles(ForwardRef(Drawer))>
    </Hidden>
  </nav>
  <main
    className="makeStyles-content-7"
  >
    <div
      className="makeStyles-toolbar-5"
    />
  </main>
</div>
`;
