// Jest Snapshot v1, https://goo.gl/fbAQLP

exports[`Timeline should render correctly 1`] = `
<Fragment>
  <h3>
    Latent association over time
  </h3>
  <div
    className="makeStyles-container-6"
  >
    <Form
      onSubmitHandler={[Function]}
    />
  </div>
</Fragment>
`;
